133.106.50.168 - - [20/Nov/2024:14:57:36 +0900] "GET /front/front/js/micromodal.min.js HTTP/1.1" 200 7103 0.010 "-" "Mozilla/5.0 (Windows NT 10.0; Win64; x64) AppleWebKit/537.36 (KHTML, like Gecko) Chrome/131.0.0.0 Safari/537.36"
106.72.219.128 - - [20/Nov/2024:14:57:36 +0900] "GET /front/front/js/shopSelection/mapbox-api.js HTTP/1.1" 200 11532 0.007 "-" "Mozilla/5.0 (iPhone; CPU iPhone OS 17_6 like Mac OS X) AppleWebKit/605.1.15 (KHTML, like Gecko) GSA/342.0.693598186 Mobile/15E148 Safari/604.1"
106.72.219.128 - - [20/Nov/2024:14:57:36 +0900] "GET /front/front/image/shopSelection/ja_flow01_on.png HTTP/1.1" 200 5369 0.007 "-" "Mozilla/5.0 (iPhone; CPU iPhone OS 17_6 like Mac OS X) AppleWebKit/605.1.15 (KHTML, like Gecko) GSA/342.0.693598186 Mobile/15E148 Safari/604.1"
106.72.219.128 - - [20/Nov/2024:14:57:36 +0900] "GET /front/front/image/shopSelection/ja_flow03.png HTTP/1.1" 200 6100 0.007 "-" "Mozilla/5.0 (iPhone; CPU iPhone OS 17_6 like Mac OS X) AppleWebKit/605.1.15 (KHTML, like Gecko) GSA/342.0.693598186 Mobile/15E148 Safari/604.1"
106.72.219.128 - - [20/Nov/2024:14:57:36 +0900] "GET /front/front/image/shopSelection/icon_select.svg HTTP/1.1" 200 441 0.009 "-" "Mozilla/5.0 (iPhone; CPU iPhone OS 17_6 like Mac OS X) AppleWebKit/605.1.15 (KHTML, like Gecko) GSA/342.0.693598186 Mobile/15E148 Safari/604.1"
120.136.255.46 - - [20/Nov/2024:14:57:37 +0900] "GET /front/get_surround_shop_list?currentLatitude=35.1354556&currentLongitude=138.9048021&langCode=ja&orderType=TO&getCurrentLocationFlag=true&_=1732082252512 HTTP/1.1" 200 1189509 0.087 "-" "Mozilla/5.0 (Linux; Android 10; K) AppleWebKit/537.36 (KHTML, like Gecko) Chrome/131.0.0.0 Mobile Safari/537.36"
133.106.50.168 - - [20/Nov/2024:14:57:37 +0900] "GET /front/front/image/barcode.png HTTP/1.1" 200 7012 0.008 "-" "Mozilla/5.0 (Windows NT 10.0; Win64; x64) AppleWebKit/537.36 (KHTML, like Gecko) Chrome/131.0.0.0 Safari/537.36"
49.109.3.84 - - [20/Nov/2024:14:57:37 +0900] "GET /front/guest_order?referer=order HTTP/1.1" 200 8256 0.011 "-" "Mozilla/5.0 (iPhone; CPU iPhone OS 17_5_1 like Mac OS X) AppleWebKit/605.1.15 (KHTML, like Gecko) Version/17.5 Mobile/15E148 Safari/604.1"
49.109.3.84 - - [20/Nov/2024:14:57:37 +0900] "GET /front/front/css/common.css HTTP/1.1" 200 4851 0.006 "-" "Mozilla/5.0 (iPhone; CPU iPhone OS 17_5_1 like Mac OS X) AppleWebKit/605.1.15 (KHTML, like Gecko) Version/17.5 Mobile/15E148 Safari/604.1"
49.109.3.84 - - [20/Nov/2024:14:57:37 +0900] "GET /front/front/css/style.min.css HTTP/1.1" 200 124192 0.009 "-" "Mozilla/5.0 (iPhone; CPU iPhone OS 17_5_1 like Mac OS X) AppleWebKit/605.1.15 (KHTML, like Gecko) Version/17.5 Mobile/15E148 Safari/604.1"
49.109.3.84 - - [20/Nov/2024:14:57:37 +0900] "GET /front/front/js/micromodal.min.js HTTP/1.1" 200 7103 0.009 "-" "Mozilla/5.0 (iPhone; CPU iPhone OS 17_5_1 like Mac OS X) AppleWebKit/605.1.15 (KHTML, like Gecko) Version/17.5 Mobile/15E148 Safari/604.1"
49.109.3.84 - - [20/Nov/2024:14:57:37 +0900] "GET /front/front/js/common.js HTTP/1.1" 200 9762 0.012 "-" "Mozilla/5.0 (iPhone; CPU iPhone OS 17_5_1 like Mac OS X) AppleWebKit/605.1.15 (KHTML, like Gecko) Version/17.5 Mobile/15E148 Safari/604.1"
49.109.3.84 - - [20/Nov/2024:14:57:38 +0900] "GET /front/front/image/sample_nav.png HTTP/1.1" 200 64836 0.006 "-" "Mozilla/5.0 (iPhone; CPU iPhone OS 17_5_1 like Mac OS X) AppleWebKit/605.1.15 (KHTML, like Gecko) Version/17.5 Mobile/15E148 Safari/604.1"
133.106.50.168 - - [20/Nov/2024:14:57:39 +0900] "GET /front/member/login HTTP/1.1" 200 7970 0.006 "-" "Mozilla/5.0 (Windows NT 10.0; Win64; x64) AppleWebKit/537.36 (KHTML, like Gecko) Chrome/131.0.0.0 Safari/537.36"
133.106.50.168 - - [20/Nov/2024:14:57:39 +0900] "GET /front/front/css/member.css HTTP/1.1" 200 13148 0.012 "-" "Mozilla/5.0 (Windows NT 10.0; Win64; x64) AppleWebKit/537.36 (KHTML, like Gecko) Chrome/131.0.0.0 Safari/537.36"
133.106.50.168 - - [20/Nov/2024:14:57:39 +0900] "GET /front/front/image/sample_nav.png HTTP/1.1" 200 64836 0.011 "-" "Mozilla/5.0 (Windows NT 10.0; Win64; x64) AppleWebKit/537.36 (KHTML, like Gecko) Chrome/131.0.0.0 Safari/537.36"
133.106.50.168 - - [20/Nov/2024:14:57:39 +0900] "GET /front/front/js/takeoutTop/splide.min.js HTTP/1.1" 200 36957 0.011 "-" "Mozilla/5.0 (Windows NT 10.0; Win64; x64) AppleWebKit/537.36 (KHTML, like Gecko) Chrome/131.0.0.0 Safari/537.36"
133.106.50.168 - - [20/Nov/2024:14:57:39 +0900] "GET /front/front/css/splide.min.css HTTP/1.1" 200 5004 0.012 "-" "Mozilla/5.0 (Windows NT 10.0; Win64; x64) AppleWebKit/537.36 (KHTML, like Gecko) Chrome/131.0.0.0 Safari/537.36"
133.106.50.168 - - [20/Nov/2024:14:57:39 +0900] "GET /front/front/js/takeoutTop/index.js HTTP/1.1" 200 884 0.013 "-" "Mozilla/5.0 (Windows NT 10.0; Win64; x64) AppleWebKit/537.36 (KHTML, like Gecko) Chrome/131.0.0.0 Safari/537.36"
120.136.255.46 - - [20/Nov/2024:14:57:42 +0900] "GET /front/get_surround_shop_list?currentLatitude=35.12544622006615&currentLongitude=138.9059497879677&langCode=ja&orderType=TO&getCurrentLocationFlag=true&_=1732082252514 HTTP/1.1" 200 1189699 0.047 "-" "Mozilla/5.0 (Linux; Android 10; K) AppleWebKit/537.36 (KHTML, like Gecko) Chrome/131.0.0.0 Mobile Safari/537.36"
49.109.3.84 - - [20/Nov/2024:14:57:47 +0900] "POST /front/email_submit HTTP/1.1" 200 7304 0.407 "-" "Mozilla/5.0 (iPhone; CPU iPhone OS 17_5_1 like Mac OS X) AppleWebKit/605.1.15 (KHTML, like Gecko) Version/17.5 Mobile/15E148 Safari/604.1"
49.109.3.84 - - [20/Nov/2024:14:57:47 +0900] "GET /front/front/css/common.css HTTP/1.1" 200 4851 0.008 "-" "Mozilla/5.0 (iPhone; CPU iPhone OS 17_5_1 like Mac OS X) AppleWebKit/605.1.15 (KHTML, like Gecko) Version/17.5 Mobile/15E148 Safari/604.1"
49.109.3.84 - - [20/Nov/2024:14:57:47 +0900] "GET /front/front/js/micromodal.min.js HTTP/1.1" 200 7103 0.015 "-" "Mozilla/5.0 (iPhone; CPU iPhone OS 17_5_1 like Mac OS X) AppleWebKit/605.1.15 (KHTML, like Gecko) Version/17.5 Mobile/15E148 Safari/604.1"
49.109.3.84 - - [20/Nov/2024:14:57:47 +0900] "GET /front/front/css/style.min.css HTTP/1.1" 200 124192 0.015 "-" "Mozilla/5.0 (iPhone; CPU iPhone OS 17_5_1 like Mac OS X) AppleWebKit/605.1.15 (KHTML, like Gecko) Version/17.5 Mobile/15E148 Safari/604.1"
49.109.3.84 - - [20/Nov/2024:14:57:47 +0900] "GET /front/front/js/common.js HTTP/1.1" 200 9762 0.010 "-" "Mozilla/5.0 (iPhone; CPU iPhone OS 17_5_1 like Mac OS X) AppleWebKit/605.1.15 (KHTML, like Gecko) Version/17.5 Mobile/15E148 Safari/604.1"
49.109.3.84 - - [20/Nov/2024:14:57:48 +0900] "GET /front/front/image/sample_nav.png HTTP/1.1" 200 64836 0.006 "-" "Mozilla/5.0 (iPhone; CPU iPhone OS 17_5_1 like Mac OS X) AppleWebKit/605.1.15 (KHTML, like Gecko) Version/17.5 Mobile/15E148 Safari/604.1"
106.128.110.174 - - [20/Nov/2024:14:57:49 +0900] "GET /front/front/js/takeoutTop/index.js HTTP/1.1" 200 884 0.015 "-" "Mozilla/5.0 (iPhone; CPU iPhone OS 18_0 like Mac OS X) AppleWebKit/605.1.15 (KHTML, like Gecko) GSA/339.0.686111475 Mobile/15E148 Safari/604.1"
106.128.110.174 - - [20/Nov/2024:14:57:49 +0900] "GET /front/front/js/takeoutTop/splide.min.js HTTP/1.1" 200 36957 0.019 "-" "Mozilla/5.0 (iPhone; CPU iPhone OS 18_0 like Mac OS X) AppleWebKit/605.1.15 (KHTML, like Gecko) GSA/339.0.686111475 Mobile/15E148 Safari/604.1"
74.125.210.139 - - [20/Nov/2024:14:57:49 +0900] "GET /front/top HTTP/1.1" 200 31845 0.056 "-" "Mozilla/5.0 (X11; Linux x86_64) AppleWebKit/537.36 (KHTML, like Gecko; Google-Food) Chrome/130.0.6723.116 Safari/537.36"
74.125.210.140 - - [20/Nov/2024:14:57:50 +0900] "GET /front/front/css/style.min.css HTTP/1.1" 200 124192 0.007 "-" "Mozilla/5.0 (X11; Linux x86_64) AppleWebKit/537.36 (KHTML, like Gecko; Google-Food) Chrome/130.0.6723.116 Safari/537.36"
202.15.17.61 - - [20/Nov/2024:14:57:50 +0900] "GET /front/top HTTP/1.1" 200 31845 0.053 "-" "Mozilla/5.0 (Windows NT 10.0; Win64; x64) AppleWebKit/537.36 (KHTML, like Gecko) Chrome/131.0.0.0 Safari/537.36 Edg/131.0.0.0"
202.15.17.61 - - [20/Nov/2024:14:57:50 +0900] "GET /front/front/css/common.css HTTP/1.1" 200 4851 0.006 "-" "Mozilla/5.0 (Windows NT 10.0; Win64; x64) AppleWebKit/537.36 (KHTML, like Gecko) Chrome/131.0.0.0 Safari/537.36 Edg/131.0.0.0"
202.15.17.61 - - [20/Nov/2024:14:57:50 +0900] "GET /front/front/css/style.min.css HTTP/1.1" 200 124192 0.005 "-" "Mozilla/5.0 (Windows NT 10.0; Win64; x64) AppleWebKit/537.36 (KHTML, like Gecko) Chrome/131.0.0.0 Safari/537.36 Edg/131.0.0.0"
202.15.17.61 - - [20/Nov/2024:14:57:50 +0900] "GET /front/front/image/takeoutTop/ja_kv_pc.jpg HTTP/1.1" 200 511283 0.007 "-" "Mozilla/5.0 (Windows NT 10.0; Win64; x64) AppleWebKit/537.36 (KHTML, like Gecko) Chrome/131.0.0.0 Safari/537.36 Edg/131.0.0.0"
74.125.210.140 - - [20/Nov/2024:14:57:50 +0900] "GET /front/front/css/splide.min.css HTTP/1.1" 200 5004 0.010 "-" "Mozilla/5.0 (X11; Linux x86_64) AppleWebKit/537.36 (KHTML, like Gecko; Google-Food) Chrome/130.0.6723.116 Safari/537.36"
74.125.210.139 - - [20/Nov/2024:14:57:50 +0900] "GET /front/front/assets/css/tab.css HTTP/1.1" 200 10492 0.006 "-" "Mozilla/5.0 (X11; Linux x86_64) AppleWebKit/537.36 (KHTML, like Gecko; Google-Food) Chrome/130.0.6723.116 Safari/537.36"
74.125.210.140 - - [20/Nov/2024:14:57:50 +0900] "GET /front/front/css/common.css HTTP/1.1" 200 4851 0.006 "-" "Mozilla/5.0 (X11; Linux x86_64) AppleWebKit/537.36 (KHTML, like Gecko; Google-Food) Chrome/130.0.6723.116 Safari/537.36"
202.15.17.61 - - [20/Nov/2024:14:57:50 +0900] "GET /front/front/js/takeoutTop/splide.min.js HTTP/1.1" 200 36957 0.005 "-" "Mozilla/5.0 (Windows NT 10.0; Win64; x64) AppleWebKit/537.36 (KHTML, like Gecko) Chrome/131.0.0.0 Safari/537.36 Edg/131.0.0.0"
202.15.17.61 - - [20/Nov/2024:14:57:50 +0900] "GET /front/front/image/takeoutTop/icn_takeout.png HTTP/1.1" 200 2858 0.008 "-" "Mozilla/5.0 (Windows NT 10.0; Win64; x64) AppleWebKit/537.36 (KHTML, like Gecko) Chrome/131.0.0.0 Safari/537.36 Edg/131.0.0.0"
202.15.17.61 - - [20/Nov/2024:14:57:50 +0900] "GET /front/front/image/takeoutTop/ja_flow01.png HTTP/1.1" 200 83356 0.009 "-" "Mozilla/5.0 (Windows NT 10.0; Win64; x64) AppleWebKit/537.36 (KHTML, like Gecko) Chrome/131.0.0.0 Safari/537.36 Edg/131.0.0.0"
202.15.17.61 - - [20/Nov/2024:14:57:50 +0900] "GET /front/front/image/takeoutTop/ja_flow03.png HTTP/1.1" 200 82332 0.008 "-" "Mozilla/5.0 (Windows NT 10.0; Win64; x64) AppleWebKit/537.36 (KHTML, like Gecko) Chrome/131.0.0.0 Safari/537.36 Edg/131.0.0.0"
74.125.210.139 - - [20/Nov/2024:14:57:50 +0900] "GET /front/front/image/takeoutTop/ja_kv_pc.jpg HTTP/1.1" 200 511283 0.006 "-" "Mozilla/5.0 (X11; Linux x86_64) AppleWebKit/537.36 (KHTML, like Gecko; Google-Food) Chrome/130.0.6723.116 Safari/537.36"
74.125.210.141 - - [20/Nov/2024:14:57:51 +0900] "GET /front/front/js/takeoutTop/index.js HTTP/1.1" 200 884 0.007 "-" "Mozilla/5.0 (X11; Linux x86_64) AppleWebKit/537.36 (KHTML, like Gecko; Google-Food) Chrome/130.0.6723.116 Safari/537.36"
74.125.210.139 - - [20/Nov/2024:14:57:51 +0900] "GET /front/front/image/takeoutTop/icn_delivery.png HTTP/1.1" 200 3482 0.005 "-" "Mozilla/5.0 (X11; Linux x86_64) AppleWebKit/537.36 (KHTML, like Gecko; Google-Food) Chrome/130.0.6723.116 Safari/537.36"
106.128.110.174 - - [20/Nov/2024:14:57:52 +0900] "GET /front/front/image/takeoutTop/ja_kv_sp.jpg HTTP/1.1" 200 353229 0.007 "-" "Mozilla/5.0 (iPhone; CPU iPhone OS 18_0 like Mac OS X) AppleWebKit/605.1.15 (KHTML, like Gecko) GSA/339.0.686111475 Mobile/15E148 Safari/604.1"
74.125.210.140 - - [20/Nov/2024:14:57:52 +0900] "GET /front/front/image/takeoutTop/ja_flow02.png HTTP/1.1" 200 71874 0.014 "-" "Mozilla/5.0 (X11; Linux x86_64) AppleWebKit/537.36 (KHTML, like Gecko; Google-Food) Chrome/130.0.6723.116 Safari/537.36"
74.125.210.139 - - [20/Nov/2024:14:57:52 +0900] "GET /front/front/image/barcode.png HTTP/1.1" 200 7012 0.005 "-" "Mozilla/5.0 (X11; Linux x86_64) AppleWebKit/537.36 (KHTML, like Gecko; Google-Food) Chrome/130.0.6723.116 Safari/537.36"
74.125.210.141 - - [20/Nov/2024:14:57:53 +0900] "GET /front/front/image/takeoutTop/ja_flow04.png HTTP/1.1" 200 52842 0.007 "-" "Mozilla/5.0 (X11; Linux x86_64) AppleWebKit/537.36 (KHTML, like Gecko; Google-Food) Chrome/130.0.6723.116 Safari/537.36"
120.136.255.46 - - [20/Nov/2024:14:57:55 +0900] "GET /front/get_surround_shop_list?currentLatitude=35.148702430000014&currentLongitude=138.89036980000003&langCode=ja&orderType=TO&getCurrentLocationFlag=true&_=1732082252516 HTTP/1.1" 200 1189699 0.049 "-" "Mozilla/5.0 (Linux; Android 10; K) AppleWebKit/537.36 (KHTML, like Gecko) Chrome/131.0.0.0 Mobile Safari/537.36"
104.28.99.159 - - [20/Nov/2024:14:57:56 +0900] "GET /front/front/css/style.min.css HTTP/1.1" 200 124192 0.008 "-" "Mozilla/5.0 (iPhone; CPU iPhone OS 18_0_1 like Mac OS X) AppleWebKit/605.1.15 (KHTML, like Gecko) Version/18.0.1 Mobile/15E148 Safari/604.1"
104.28.99.159 - - [20/Nov/2024:14:57:56 +0900] "GET /front/front/css/css2 HTTP/1.1" 200 691400 0.016 "-" "Mozilla/5.0 (iPhone; CPU iPhone OS 18_0_1 like Mac OS X) AppleWebKit/605.1.15 (KHTML, like Gecko) Version/18.0.1 Mobile/15E148 Safari/604.1"
104.28.99.159 - - [20/Nov/2024:14:57:56 +0900] "GET /front/front/js/jquery.min.js HTTP/1.1" 200 88147 0.016 "-" "Mozilla/5.0 (iPhone; CPU iPhone OS 18_0_1 like Mac OS X) AppleWebKit/605.1.15 (KHTML, like Gecko) Version/18.0.1 Mobile/15E148 Safari/604.1"
49.109.3.84 - - [20/Nov/2024:14:57:56 +0900] "GET /front/front/css/splide.min.css HTTP/1.1" 200 5004 0.014 "-" "Mozilla/5.0 (iPhone; CPU iPhone OS 17_5_1 like Mac OS X) AppleWebKit/605.1.15 (KHTML, like Gecko) Version/17.5 Mobile/15E148 Safari/604.1"
49.109.3.84 - - [20/Nov/2024:14:57:56 +0900] "GET /front/front/js/takeoutTop/splide.min.js HTTP/1.1" 200 36957 0.014 "-" "Mozilla/5.0 (iPhone; CPU iPhone OS 17_5_1 like Mac OS X) AppleWebKit/605.1.15 (KHTML, like Gecko) Version/17.5 Mobile/15E148 Safari/604.1"
49.109.3.84 - - [20/Nov/2024:14:57:56 +0900] "GET /front/front/css/member.css HTTP/1.1" 200 13148 0.014 "-" "Mozilla/5.0 (iPhone; CPU iPhone OS 17_5_1 like Mac OS X) AppleWebKit/605.1.15 (KHTML, like Gecko) Version/17.5 Mobile/15E148 Safari/604.1"
49.109.3.84 - - [20/Nov/2024:14:57:56 +0900] "GET /front/front/js/takeoutTop/index.js HTTP/1.1" 200 884 0.014 "-" "Mozilla/5.0 (iPhone; CPU iPhone OS 17_5_1 like Mac OS X) AppleWebKit/605.1.15 (KHTML, like Gecko) Version/17.5 Mobile/15E148 Safari/604.1"
49.109.3.84 - - [20/Nov/2024:14:57:56 +0900] "GET /front/front/css/css2 HTTP/1.1" 200 691400 0.015 "-" "Mozilla/5.0 (iPhone; CPU iPhone OS 17_5_1 like Mac OS X) AppleWebKit/605.1.15 (KHTML, like Gecko) Version/17.5 Mobile/15E148 Safari/604.1"
104.28.99.159 - - [20/Nov/2024:14:57:56 +0900] "GET /front/front/image/sample_nav.png HTTP/1.1" 200 64836 0.007 "-" "Mozilla/5.0 (iPhone; CPU iPhone OS 18_0_1 like Mac OS X) AppleWebKit/605.1.15 (KHTML, like Gecko) Version/18.0.1 Mobile/15E148 Safari/604.1"
104.28.99.159 - - [20/Nov/2024:14:57:56 +0900] "GET /front/front/image/datetimeSelection/ja_flow03.png HTTP/1.1" 200 6100 0.008 "-" "Mozilla/5.0 (iPhone; CPU iPhone OS 18_0_1 like Mac OS X) AppleWebKit/605.1.15 (KHTML, like Gecko) Version/18.0.1 Mobile/15E148 Safari/604.1"
104.28.99.159 - - [20/Nov/2024:14:57:56 +0900] "GET /front/front/image/datetimeSelection/ja_flow02_on.png HTTP/1.1" 200 5672 0.014 "-" "Mozilla/5.0 (iPhone; CPU iPhone OS 18_0_1 like Mac OS X) AppleWebKit/605.1.15 (KHTML, like Gecko) Version/18.0.1 Mobile/15E148 Safari/604.1"
49.109.3.84 - - [20/Nov/2024:14:57:57 +0900] "GET /front/front/image/barcode.png HTTP/1.1" 200 7012 0.006 "-" "Mozilla/5.0 (iPhone; CPU iPhone OS 17_5_1 like Mac OS X) AppleWebKit/605.1.15 (KHTML, like Gecko) Version/17.5 Mobile/15E148 Safari/604.1"
106.128.110.174 - - [20/Nov/2024:14:57:59 +0900] "GET /front/front/image/takeoutTop/icn_takeout.png HTTP/1.1" 200 2858 0.015 "-" "Mozilla/5.0 (iPhone; CPU iPhone OS 18_0 like Mac OS X) AppleWebKit/605.1.15 (KHTML, like Gecko) GSA/339.0.686111475 Mobile/15E148 Safari/604.1"
106.128.110.174 - - [20/Nov/2024:14:57:59 +0900] "GET /front/front/image/takeoutTop/ja_flow02.png HTTP/1.1" 200 71874 0.008 "-" "Mozilla/5.0 (iPhone; CPU iPhone OS 18_0 like Mac OS X) AppleWebKit/605.1.15 (KHTML, like Gecko) GSA/339.0.686111475 Mobile/15E148 Safari/604.1"
106.128.110.174 - - [20/Nov/2024:14:57:59 +0900] "GET /front/front/image/barcode.png HTTP/1.1" 200 7012 0.010 "-" "Mozilla/5.0 (iPhone; CPU iPhone OS 18_0 like Mac OS X) AppleWebKit/605.1.15 (KHTML, like Gecko) GSA/339.0.686111475 Mobile/15E148 Safari/604.1"
106.128.110.174 - - [20/Nov/2024:14:57:59 +0900] "GET /front/front/image/takeoutTop/ja_flow04.png HTTP/1.1" 200 52842 0.010 "-" "Mozilla/5.0 (iPhone; CPU iPhone OS 18_0 like Mac OS X) AppleWebKit/605.1.15 (KHTML, like Gecko) GSA/339.0.686111475 Mobile/15E148 Safari/604.1"
104.28.99.159 - - [20/Nov/2024:14:58:00 +0900] "GET /front/shop_selection HTTP/1.1" 200 16644 0.089 "-" "Mozilla/5.0 (iPhone; CPU iPhone OS 18_0_1 like Mac OS X) AppleWebKit/605.1.15 (KHTML, like Gecko) Version/18.0.1 Mobile/15E148 Safari/604.1"
104.28.99.159 - - [20/Nov/2024:14:58:00 +0900] "GET /front/front/js/micromodal.min.js HTTP/1.1" 200 7103 0.009 "-" "Mozilla/5.0 (iPhone; CPU iPhone OS 18_0_1 like Mac OS X) AppleWebKit/605.1.15 (KHTML, like Gecko) Version/18.0.1 Mobile/15E148 Safari/604.1"
104.28.99.159 - - [20/Nov/2024:14:58:00 +0900] "GET /front/front/js/common.js HTTP/1.1" 200 9762 0.014 "-" "Mozilla/5.0 (iPhone; CPU iPhone OS 18_0_1 like Mac OS X) AppleWebKit/605.1.15 (KHTML, like Gecko) Version/18.0.1 Mobile/15E148 Safari/604.1"
104.28.99.159 - - [20/Nov/2024:14:58:00 +0900] "GET /front/front/css/common.css HTTP/1.1" 200 4851 0.015 "-" "Mozilla/5.0 (iPhone; CPU iPhone OS 18_0_1 like Mac OS X) AppleWebKit/605.1.15 (KHTML, like Gecko) Version/18.0.1 Mobile/15E148 Safari/604.1"
104.28.99.159 - - [20/Nov/2024:14:58:00 +0900] "GET /front/front/css/style.min.css HTTP/1.1" 200 124192 0.015 "-" "Mozilla/5.0 (iPhone; CPU iPhone OS 18_0_1 like Mac OS X) AppleWebKit/605.1.15 (KHTML, like Gecko) Version/18.0.1 Mobile/15E148 Safari/604.1"
104.28.99.159 - - [20/Nov/2024:14:58:00 +0900] "GET /front/front/image/shopSelection/ja_flow01_on.png HTTP/1.1" 200 5369 0.011 "-" "Mozilla/5.0 (iPhone; CPU iPhone OS 18_0_1 like Mac OS X) AppleWebKit/605.1.15 (KHTML, like Gecko) Version/18.0.1 Mobile/15E148 Safari/604.1"
104.28.99.159 - - [20/Nov/2024:14:58:00 +0900] "GET /front/front/image/shopSelection/icon_select.svg HTTP/1.1" 200 441 0.011 "-" "Mozilla/5.0 (iPhone; CPU iPhone OS 18_0_1 like Mac OS X) AppleWebKit/605.1.15 (KHTML, like Gecko) Version/18.0.1 Mobile/15E148 Safari/604.1"
104.28.99.159 - - [20/Nov/2024:14:58:00 +0900] "GET /front/front/image/barcode.png HTTP/1.1" 200 7012 0.011 "-" "Mozilla/5.0 (iPhone; CPU iPhone OS 18_0_1 like Mac OS X) AppleWebKit/605.1.15 (KHTML, like Gecko) Version/18.0.1 Mobile/15E148 Safari/604.1"
104.28.99.159 - - [20/Nov/2024:14:58:00 +0900] "GET /front/front/image/sample_nav.png HTTP/1.1" 200 64836 0.011 "-" "Mozilla/5.0 (iPhone; CPU iPhone OS 18_0_1 like Mac OS X) AppleWebKit/605.1.15 (KHTML, like Gecko) Version/18.0.1 Mobile/15E148 Safari/604.1"
104.28.99.159 - - [20/Nov/2024:14:58:00 +0900] "GET /front/get_surround_shop_list?currentLatitude=35.6993079&currentLongitude=139.7722946&langCode=ja&orderType=TO&getCurrentLocationFlag=false&_=1732082280784 HTTP/1.1" 200 1189699 0.048 "-" "Mozilla/5.0 (iPhone; CPU iPhone OS 18_0_1 like Mac OS X) AppleWebKit/605.1.15 (KHTML, like Gecko) Version/18.0.1 Mobile/15E148 Safari/604.1"
49.109.3.84 - - [20/Nov/2024:14:58:01 +0900] "GET /front/input_customer_info HTTP/1.1" 200 20401 0.824 "-" "Mozilla/5.0 (iPhone; CPU iPhone OS 17_5_1 like Mac OS X) AppleWebKit/605.1.15 (KHTML, like Gecko) Version/17.5 Mobile/15E148 Safari/604.1"
49.109.3.84 - - [20/Nov/2024:14:58:01 +0900] "GET /front/front/css/common.css HTTP/1.1" 200 4851 0.007 "-" "Mozilla/5.0 (iPhone; CPU iPhone OS 17_5_1 like Mac OS X) AppleWebKit/605.1.15 (KHTML, like Gecko) Version/17.5 Mobile/15E148 Safari/604.1"
49.109.3.84 - - [20/Nov/2024:14:58:01 +0900] "GET /front/front/js/jquery.min.js HTTP/1.1" 200 88147 0.010 "-" "Mozilla/5.0 (iPhone; CPU iPhone OS 17_5_1 like Mac OS X) AppleWebKit/605.1.15 (KHTML, like Gecko) Version/17.5 Mobile/15E148 Safari/604.1"
49.109.3.84 - - [20/Nov/2024:14:58:01 +0900] "GET /front/front/css/front.css HTTP/1.1" 200 17560 0.011 "-" "Mozilla/5.0 (iPhone; CPU iPhone OS 17_5_1 like Mac OS X) AppleWebKit/605.1.15 (KHTML, like Gecko) Version/17.5 Mobile/15E148 Safari/604.1"
49.109.3.84 - - [20/Nov/2024:14:58:01 +0900] "GET /front/front/js/common.js HTTP/1.1" 200 9762 0.006 "-" "Mozilla/5.0 (iPhone; CPU iPhone OS 17_5_1 like Mac OS X) AppleWebKit/605.1.15 (KHTML, like Gecko) Version/17.5 Mobile/15E148 Safari/604.1"
120.136.255.46 - - [20/Nov/2024:14:58:01 +0900] "GET /front/reservation?shopUuid=543cfae3-843d-11ee-883b-0a0027000004&backToSelectShop=selectShopByMap&currentOrderType=TO HTTP/1.1" 200 23096 0.034 "-" "Mozilla/5.0 (Linux; Android 10; K) AppleWebKit/537.36 (KHTML, like Gecko) Chrome/131.0.0.0 Mobile Safari/537.36"
120.136.255.46 - - [20/Nov/2024:14:58:02 +0900] "GET /front/front/css/front.css HTTP/1.1" 200 17560 0.010 "-" "Mozilla/5.0 (Linux; Android 10; K) AppleWebKit/537.36 (KHTML, like Gecko) Chrome/131.0.0.0 Mobile Safari/537.36"
120.136.255.46 - - [20/Nov/2024:14:58:02 +0900] "GET /front/front/image/sample_nav.png HTTP/1.1" 200 64836 0.010 "-" "Mozilla/5.0 (Linux; Android 10; K) AppleWebKit/537.36 (KHTML, like Gecko) Chrome/131.0.0.0 Mobile Safari/537.36"
120.136.255.46 - - [20/Nov/2024:14:58:02 +0900] "GET /front/front/css/common.css HTTP/1.1" 200 4851 0.010 "-" "Mozilla/5.0 (Linux; Android 10; K) AppleWebKit/537.36 (KHTML, like Gecko) Chrome/131.0.0.0 Mobile Safari/537.36"
104.28.99.159 - - [20/Nov/2024:14:58:02 +0900] "GET /front/front/image/datetimeSelection/ja_flow04.png HTTP/1.1" 200 2751 0.018 "-" "Mozilla/5.0 (iPhone; CPU iPhone OS 18_0_1 like Mac OS X) AppleWebKit/605.1.15 (KHTML, like Gecko) Version/18.0.1 Mobile/15E148 Safari/604.1"
104.28.99.159 - - [20/Nov/2024:14:58:02 +0900] "GET /front/front/image/barcode.png HTTP/1.1" 200 7012 0.018 "-" "Mozilla/5.0 (iPhone; CPU iPhone OS 18_0_1 like Mac OS X) AppleWebKit/605.1.15 (KHTML, like Gecko) Version/18.0.1 Mobile/15E148 Safari/604.1"
104.28.99.159 - - [20/Nov/2024:14:58:02 +0900] "GET /front/front/image/datetimeSelection/ja_flow03.png HTTP/1.1" 200 6100 0.018 "-" "Mozilla/5.0 (iPhone; CPU iPhone OS 18_0_1 like Mac OS X) AppleWebKit/605.1.15 (KHTML, like Gecko) Version/18.0.1 Mobile/15E148 Safari/604.1"
120.136.255.46 - - [20/Nov/2024:14:58:02 +0900] "GET /front/front/image/datetimeSelection/ja_flow04.png HTTP/1.1" 200 2751 0.007 "-" "Mozilla/5.0 (Linux; Android 10; K) AppleWebKit/537.36 (KHTML, like Gecko) Chrome/131.0.0.0 Mobile Safari/537.36"
120.136.255.46 - - [20/Nov/2024:14:58:02 +0900] "GET /front/front/image/datetimeSelection/ja_flow02_on.png HTTP/1.1" 200 5672 0.010 "-" "Mozilla/5.0 (Linux; Android 10; K) AppleWebKit/537.36 (KHTML, like Gecko) Chrome/131.0.0.0 Mobile Safari/537.36"
120.136.255.46 - - [20/Nov/2024:14:58:02 +0900] "GET /front/front/image/barcode.png HTTP/1.1" 200 7012 0.010 "-" "Mozilla/5.0 (Linux; Android 10; K) AppleWebKit/537.36 (KHTML, like Gecko) Chrome/131.0.0.0 Mobile Safari/537.36"
49.109.3.84 - - [20/Nov/2024:14:58:02 +0900] "GET /front/front/image/barcode.png HTTP/1.1" 200 7012 0.005 "-" "Mozilla/5.0 (iPhone; CPU iPhone OS 17_5_1 like Mac OS X) AppleWebKit/605.1.15 (KHTML, like Gecko) Version/17.5 Mobile/15E148 Safari/604.1"
49.109.3.84 - - [20/Nov/2024:14:58:02 +0900] "GET /front/front/image/customerInformation/ja_flow01_off.png HTTP/1.1" 200 5083 0.007 "-" "Mozilla/5.0 (iPhone; CPU iPhone OS 17_5_1 like Mac OS X) AppleWebKit/605.1.15 (KHTML, like Gecko) Version/17.5 Mobile/15E148 Safari/604.1"
49.109.3.84 - - [20/Nov/2024:14:58:02 +0900] "GET /front/front/image/customerInformation/ja_flow03_on.png HTTP/1.1" 200 6018 0.009 "-" "Mozilla/5.0 (iPhone; CPU iPhone OS 17_5_1 like Mac OS X) AppleWebKit/605.1.15 (KHTML, like Gecko) Version/17.5 Mobile/15E148 Safari/604.1"
202.15.17.61 - - [20/Nov/2024:14:58:02 +0900] "GET /front/front/image/takeoutTop/ja_flow05.png HTTP/1.1" 200 79009 0.006 "-" "Mozilla/5.0 (Windows NT 10.0; Win64; x64) AppleWebKit/537.36 (KHTML, like Gecko) Chrome/131.0.0.0 Safari/537.36 Edg/131.0.0.0"
104.28.99.159 - - [20/Nov/2024:14:58:11 +0900] "GET /front/item_selection HTTP/1.1" 200 92161 1.103 "-" "Mozilla/5.0 (iPhone; CPU iPhone OS 18_0_1 like Mac OS X) AppleWebKit/605.1.15 (KHTML, like Gecko) Version/18.0.1 Mobile/15E148 Safari/604.1"
104.28.99.159 - - [20/Nov/2024:14:58:11 +0900] "GET /front/front/css/front.css HTTP/1.1" 200 17560 0.020 "-" "Mozilla/5.0 (iPhone; CPU iPhone OS 18_0_1 like Mac OS X) AppleWebKit/605.1.15 (KHTML, like Gecko) Version/18.0.1 Mobile/15E148 Safari/604.1"
104.28.99.159 - - [20/Nov/2024:14:58:11 +0900] "GET /front/front/js/item-detail.js HTTP/1.1" 200 39666 0.022 "-" "Mozilla/5.0 (iPhone; CPU iPhone OS 18_0_1 like Mac OS X) AppleWebKit/605.1.15 (KHTML, like Gecko) Version/18.0.1 Mobile/15E148 Safari/604.1"
104.28.99.159 - - [20/Nov/2024:14:58:11 +0900] "GET /front/front/css/common.css HTTP/1.1" 200 4851 0.023 "-" "Mozilla/5.0 (iPhone; CPU iPhone OS 18_0_1 like Mac OS X) AppleWebKit/605.1.15 (KHTML, like Gecko) Version/18.0.1 Mobile/15E148 Safari/604.1"
104.28.99.159 - - [20/Nov/2024:14:58:11 +0900] "GET /front/front/js/micromodal.min.js HTTP/1.1" 200 7103 0.022 "-" "Mozilla/5.0 (iPhone; CPU iPhone OS 18_0_1 like Mac OS X) AppleWebKit/605.1.15 (KHTML, like Gecko) Version/18.0.1 Mobile/15E148 Safari/604.1"
104.28.99.159 - - [20/Nov/2024:14:58:11 +0900] "GET /front/front/js/itemSelection/select-product.js HTTP/1.1" 200 2351 0.022 "-" "Mozilla/5.0 (iPhone; CPU iPhone OS 18_0_1 like Mac OS X) AppleWebKit/605.1.15 (KHTML, like Gecko) Version/18.0.1 Mobile/15E148 Safari/604.1"
104.28.99.159 - - [20/Nov/2024:14:58:11 +0900] "GET /front/front/image/sample_nav.png HTTP/1.1" 200 64836 0.006 "-" "Mozilla/5.0 (iPhone; CPU iPhone OS 18_0_1 like Mac OS X) AppleWebKit/605.1.15 (KHTML, like Gecko) Version/18.0.1 Mobile/15E148 Safari/604.1"
104.28.99.159 - - [20/Nov/2024:14:58:11 +0900] "GET /front/front/image/itemSelection/ja_flow04.png HTTP/1.1" 200 2751 0.008 "-" "Mozilla/5.0 (iPhone; CPU iPhone OS 18_0_1 like Mac OS X) AppleWebKit/605.1.15 (KHTML, like Gecko) Version/18.0.1 Mobile/15E148 Safari/604.1"
104.28.99.159 - - [20/Nov/2024:14:58:11 +0900] "GET /front/front/image/itemSelection/ja_flow02_off.png HTTP/1.1" 200 5250 0.011 "-" "Mozilla/5.0 (iPhone; CPU iPhone OS 18_0_1 like Mac OS X) AppleWebKit/605.1.15 (KHTML, like Gecko) Version/18.0.1 Mobile/15E148 Safari/604.1"
202.15.17.61 - - [20/Nov/2024:14:58:13 +0900] "GET /front/terms_service_agreed?order_type=takeout HTTP/1.1" 302 0 0.008 "-" "Mozilla/5.0 (Windows NT 10.0; Win64; x64) AppleWebKit/537.36 (KHTML, like Gecko) Chrome/131.0.0.0 Safari/537.36 Edg/131.0.0.0"
202.15.17.61 - - [20/Nov/2024:14:58:13 +0900] "GET /front/front/css/css2 HTTP/1.1" 200 691400 0.007 "-" "Mozilla/5.0 (Windows NT 10.0; Win64; x64) AppleWebKit/537.36 (KHTML, like Gecko) Chrome/131.0.0.0 Safari/537.36 Edg/131.0.0.0"
202.15.17.61 - - [20/Nov/2024:14:58:13 +0900] "GET /front/front/css/splide.min.css HTTP/1.1" 200 5004 0.008 "-" "Mozilla/5.0 (Windows NT 10.0; Win64; x64) AppleWebKit/537.36 (KHTML, like Gecko) Chrome/131.0.0.0 Safari/537.36 Edg/131.0.0.0"
202.15.17.61 - - [20/Nov/2024:14:58:13 +0900] "GET /front/front/image/sample_nav.png HTTP/1.1" 200 64836 0.012 "-" "Mozilla/5.0 (Windows NT 10.0; Win64; x64) AppleWebKit/537.36 (KHTML, like Gecko) Chrome/131.0.0.0 Safari/537.36 Edg/131.0.0.0"
202.15.17.61 - - [20/Nov/2024:14:58:13 +0900] "GET /front/front/js/micromodal.min.js HTTP/1.1" 200 7103 0.006 "-" "Mozilla/5.0 (Windows NT 10.0; Win64; x64) AppleWebKit/537.36 (KHTML, like Gecko) Chrome/131.0.0.0 Safari/537.36 Edg/131.0.0.0"
202.15.17.61 - - [20/Nov/2024:14:58:13 +0900] "GET /front/front/css/css2 HTTP/1.1" 200 691400 0.006 "-" "Mozilla/5.0 (Windows NT 10.0; Win64; x64) AppleWebKit/537.36 (KHTML, like Gecko) Chrome/131.0.0.0 Safari/537.36 Edg/131.0.0.0"
202.15.17.61 - - [20/Nov/2024:14:58:13 +0900] "GET /front/front/js/shopSelection/select-shop.js HTTP/1.1" 200 4353 0.006 "-" "Mozilla/5.0 (Windows NT 10.0; Win64; x64) AppleWebKit/537.36 (KHTML, like Gecko) Chrome/131.0.0.0 Safari/537.36 Edg/131.0.0.0"
202.15.17.61 - - [20/Nov/2024:14:58:13 +0900] "GET /front/front/image/shopSelection/ja_flow01_on.png HTTP/1.1" 200 5369 0.007 "-" "Mozilla/5.0 (Windows NT 10.0; Win64; x64) AppleWebKit/537.36 (KHTML, like Gecko) Chrome/131.0.0.0 Safari/537.36 Edg/131.0.0.0"
202.15.17.61 - - [20/Nov/2024:14:58:13 +0900] "GET /front/front/image/shopSelection/ja_flow03.png HTTP/1.1" 200 6100 0.010 "-" "Mozilla/5.0 (Windows NT 10.0; Win64; x64) AppleWebKit/537.36 (KHTML, like Gecko) Chrome/131.0.0.0 Safari/537.36 Edg/131.0.0.0"
202.15.17.61 - - [20/Nov/2024:14:58:13 +0900] "GET /front/front/image/shopSelection/icon_select.svg HTTP/1.1" 200 441 0.007 "-" "Mozilla/5.0 (Windows NT 10.0; Win64; x64) AppleWebKit/537.36 (KHTML, like Gecko) Chrome/131.0.0.0 Safari/537.36 Edg/131.0.0.0"
61.204.200.65 - - [20/Nov/2024:14:58:15 +0900] "GET /front/item_detail?itemId=6022&selectedDate=20241120&_=1732081500726 HTTP/1.1" 200 3528 0.611 "-" "Mozilla/5.0 (iPhone; CPU iPhone OS 17_6_1 like Mac OS X) AppleWebKit/605.1.15 (KHTML, like Gecko) Version/17.6 Mobile/15E148 Safari/604.1"
106.128.110.174 - - [20/Nov/2024:14:58:15 +0900] "GET /front/front/css/splide.min.css HTTP/1.1" 200 5004 0.010 "-" "Mozilla/5.0 (iPhone; CPU iPhone OS 18_0 like Mac OS X) AppleWebKit/605.1.15 (KHTML, like Gecko) GSA/339.0.686111475 Mobile/15E148 Safari/604.1"
106.128.110.174 - - [20/Nov/2024:14:58:15 +0900] "GET /front/front/css/css2 HTTP/1.1" 200 691400 0.011 "-" "Mozilla/5.0 (iPhone; CPU iPhone OS 18_0 like Mac OS X) AppleWebKit/605.1.15 (KHTML, like Gecko) GSA/339.0.686111475 Mobile/15E148 Safari/604.1"
106.128.110.174 - - [20/Nov/2024:14:58:15 +0900] "GET /front/front/js/splide.min.js HTTP/1.1" 200 36957 0.008 "-" "Mozilla/5.0 (iPhone; CPU iPhone OS 18_0 like Mac OS X) AppleWebKit/605.1.15 (KHTML, like Gecko) GSA/339.0.686111475 Mobile/15E148 Safari/604.1"
106.128.110.174 - - [20/Nov/2024:14:58:15 +0900] "GET /front/front/js/jquery-3.6.0.min.js HTTP/1.1" 200 89503 0.008 "-" "Mozilla/5.0 (iPhone; CPU iPhone OS 18_0 like Mac OS X) AppleWebKit/605.1.15 (KHTML, like Gecko) GSA/339.0.686111475 Mobile/15E148 Safari/604.1"
106.128.110.174 - - [20/Nov/2024:14:58:15 +0900] "GET /front/front/js/shopSelection/select-shop.js HTTP/1.1" 200 4353 0.009 "-" "Mozilla/5.0 (iPhone; CPU iPhone OS 18_0 like Mac OS X) AppleWebKit/605.1.15 (KHTML, like Gecko) GSA/339.0.686111475 Mobile/15E148 Safari/604.1"
133.32.135.28 - - [20/Nov/2024:14:58:19 +0900] "GET /front/front/css/css2 HTTP/1.1" 200 691400 0.010 "-" "Mozilla/5.0 (iPhone; CPU iPhone OS 17_6_1 like Mac OS X) AppleWebKit/605.1.15 (KHTML, like Gecko) Version/17.6 Mobile/15E148 Safari/604.1"
133.32.135.28 - - [20/Nov/2024:14:58:19 +0900] "GET /front/front/assets/css/tab.css HTTP/1.1" 200 10492 0.012 "-" "Mozilla/5.0 (iPhone; CPU iPhone OS 17_6_1 like Mac OS X) AppleWebKit/605.1.15 (KHTML, like Gecko) Version/17.6 Mobile/15E148 Safari/604.1"
133.32.135.28 - - [20/Nov/2024:14:58:19 +0900] "GET /front/front/js/takeoutTop/splide.min.js HTTP/1.1" 200 36957 0.012 "-" "Mozilla/5.0 (iPhone; CPU iPhone OS 17_6_1 like Mac OS X) AppleWebKit/605.1.15 (KHTML, like Gecko) Version/17.6 Mobile/15E148 Safari/604.1"
133.32.135.28 - - [20/Nov/2024:14:58:19 +0900] "GET /front/front/css/splide.min.css HTTP/1.1" 200 5004 0.012 "-" "Mozilla/5.0 (iPhone; CPU iPhone OS 17_6_1 like Mac OS X) AppleWebKit/605.1.15 (KHTML, like Gecko) Version/17.6 Mobile/15E148 Safari/604.1"
133.32.135.28 - - [20/Nov/2024:14:58:19 +0900] "GET /front/front/js/takeoutTop/index.js HTTP/1.1" 200 884 0.012 "-" "Mozilla/5.0 (iPhone; CPU iPhone OS 17_6_1 like Mac OS X) AppleWebKit/605.1.15 (KHTML, like Gecko) Version/17.6 Mobile/15E148 Safari/604.1"
133.32.135.28 - - [20/Nov/2024:14:58:19 +0900] "GET /front/front/image/takeoutTop/ja_kv_sp.jpg HTTP/1.1" 200 353229 0.008 "-" "Mozilla/5.0 (iPhone; CPU iPhone OS 17_6_1 like Mac OS X) AppleWebKit/605.1.15 (KHTML, like Gecko) Version/17.6 Mobile/15E148 Safari/604.1"
133.32.135.28 - - [20/Nov/2024:14:58:19 +0900] "GET /front/front/image/barcode.png HTTP/1.1" 200 7012 0.010 "-" "Mozilla/5.0 (iPhone; CPU iPhone OS 17_6_1 like Mac OS X) AppleWebKit/605.1.15 (KHTML, like Gecko) Version/17.6 Mobile/15E148 Safari/604.1"
133.32.135.28 - - [20/Nov/2024:14:58:19 +0900] "GET /front/front/image/takeoutTop/ja_flow01.png HTTP/1.1" 200 83356 0.011 "-" "Mozilla/5.0 (iPhone; CPU iPhone OS 17_6_1 like Mac OS X) AppleWebKit/605.1.15 (KHTML, like Gecko) Version/17.6 Mobile/15E148 Safari/604.1"
133.32.135.28 - - [20/Nov/2024:14:58:19 +0900] "GET /front/front/image/takeoutTop/ja_flow03.png HTTP/1.1" 200 82332 0.011 "-" "Mozilla/5.0 (iPhone; CPU iPhone OS 17_6_1 like Mac OS X) AppleWebKit/605.1.15 (KHTML, like Gecko) Version/17.6 Mobile/15E148 Safari/604.1"
133.32.135.28 - - [20/Nov/2024:14:58:23 +0900] "GET /front/terms_service_agreed?order_type=takeout HTTP/1.1" 302 0 0.008 "-" "Mozilla/5.0 (iPhone; CPU iPhone OS 17_6_1 like Mac OS X) AppleWebKit/605.1.15 (KHTML, like Gecko) Version/17.6 Mobile/15E148 Safari/604.1"
133.32.135.28 - - [20/Nov/2024:14:58:24 +0900] "GET /front/front/css/css2 HTTP/1.1" 200 691400 0.011 "-" "Mozilla/5.0 (iPhone; CPU iPhone OS 17_6_1 like Mac OS X) AppleWebKit/605.1.15 (KHTML, like Gecko) Version/17.6 Mobile/15E148 Safari/604.1"
133.32.135.28 - - [20/Nov/2024:14:58:24 +0900] "GET /front/front/css/splide.min.css HTTP/1.1" 200 5004 0.013 "-" "Mozilla/5.0 (iPhone; CPU iPhone OS 17_6_1 like Mac OS X) AppleWebKit/605.1.15 (KHTML, like Gecko) Version/17.6 Mobile/15E148 Safari/604.1"
133.32.135.28 - - [20/Nov/2024:14:58:24 +0900] "GET /front/front/js/splide.min.js HTTP/1.1" 200 36957 0.017 "-" "Mozilla/5.0 (iPhone; CPU iPhone OS 17_6_1 like Mac OS X) AppleWebKit/605.1.15 (KHTML, like Gecko) Version/17.6 Mobile/15E148 Safari/604.1"
133.32.135.28 - - [20/Nov/2024:14:58:24 +0900] "GET /front/front/js/shopSelection/select-shop.js HTTP/1.1" 200 4353 0.017 "-" "Mozilla/5.0 (iPhone; CPU iPhone OS 17_6_1 like Mac OS X) AppleWebKit/605.1.15 (KHTML, like Gecko) Version/17.6 Mobile/15E148 Safari/604.1"
133.32.135.28 - - [20/Nov/2024:14:58:24 +0900] "GET /front/front/js/jquery-3.6.0.min.js HTTP/1.1" 200 89503 0.024 "-" "Mozilla/5.0 (iPhone; CPU iPhone OS 17_6_1 like Mac OS X) AppleWebKit/605.1.15 (KHTML, like Gecko) Version/17.6 Mobile/15E148 Safari/604.1"
133.32.135.28 - - [20/Nov/2024:14:58:24 +0900] "GET /front/front/js/shopSelection/mapbox-api.js HTTP/1.1" 200 11532 0.007 "-" "Mozilla/5.0 (iPhone; CPU iPhone OS 17_6_1 like Mac OS X) AppleWebKit/605.1.15 (KHTML, like Gecko) Version/17.6 Mobile/15E148 Safari/604.1"
133.32.135.28 - - [20/Nov/2024:14:58:24 +0900] "GET /front/front/image/shopSelection/ja_flow02.png HTTP/1.1" 200 5721 0.009 "-" "Mozilla/5.0 (iPhone; CPU iPhone OS 17_6_1 like Mac OS X) AppleWebKit/605.1.15 (KHTML, like Gecko) Version/17.6 Mobile/15E148 Safari/604.1"
133.32.135.28 - - [20/Nov/2024:14:58:24 +0900] "GET /front/front/image/shopSelection/ja_flow03.png HTTP/1.1" 200 6100 0.011 "-" "Mozilla/5.0 (iPhone; CPU iPhone OS 17_6_1 like Mac OS X) AppleWebKit/605.1.15 (KHTML, like Gecko) Version/17.6 Mobile/15E148 Safari/604.1"
133.32.135.28 - - [20/Nov/2024:14:58:24 +0900] "GET /front/front/image/shopSelection/ja_flow04.png HTTP/1.1" 200 2751 0.012 "-" "Mozilla/5.0 (iPhone; CPU iPhone OS 17_6_1 like Mac OS X) AppleWebKit/605.1.15 (KHTML, like Gecko) Version/17.6 Mobile/15E148 Safari/604.1"
106.128.110.174 - - [20/Nov/2024:14:58:25 +0900] "GET /front/front/js/shopSelection/mapbox-api.js HTTP/1.1" 200 11532 0.007 "-" "Mozilla/5.0 (iPhone; CPU iPhone OS 18_0 like Mac OS X) AppleWebKit/605.1.15 (KHTML, like Gecko) GSA/339.0.686111475 Mobile/15E148 Safari/604.1"
106.128.110.174 - - [20/Nov/2024:14:58:25 +0900] "GET /front/front/image/shopSelection/ja_flow03.png HTTP/1.1" 200 6100 0.010 "-" "Mozilla/5.0 (iPhone; CPU iPhone OS 18_0 like Mac OS X) AppleWebKit/605.1.15 (KHTML, like Gecko) GSA/339.0.686111475 Mobile/15E148 Safari/604.1"
106.128.110.174 - - [20/Nov/2024:14:58:25 +0900] "GET /front/front/image/shopSelection/ja_flow02.png HTTP/1.1" 200 5721 0.010 "-" "Mozilla/5.0 (iPhone; CPU iPhone OS 18_0 like Mac OS X) AppleWebKit/605.1.15 (KHTML, like Gecko) GSA/339.0.686111475 Mobile/15E148 Safari/604.1"
106.128.110.174 - - [20/Nov/2024:14:58:25 +0900] "GET /front/front/image/shopSelection/ja_flow04.png HTTP/1.1" 200 2751 0.011 "-" "Mozilla/5.0 (iPhone; CPU iPhone OS 18_0 like Mac OS X) AppleWebKit/605.1.15 (KHTML, like Gecko) GSA/339.0.686111475 Mobile/15E148 Safari/604.1"
106.128.110.174 - - [20/Nov/2024:14:58:29 +0900] "GET /front/get_surround_shop_list?currentLatitude=43.092085759942535&currentLongitude=141.527958181809&langCode=ja&orderType=TO&getCurrentLocationFlag=true&_=1732082305816 HTTP/1.1" 200 1189699 0.048 "-" "Mozilla/5.0 (iPhone; CPU iPhone OS 18_0 like Mac OS X) AppleWebKit/605.1.15 (KHTML, like Gecko) GSA/339.0.686111475 Mobile/15E148 Safari/604.1"
133.32.135.28 - - [20/Nov/2024:14:58:30 +0900] "GET /front/get_surround_shop_list?currentLatitude=36.40280127&currentLongitude=138.27039660000003&langCode=ja&orderType=TO&getCurrentLocationFlag=true&_=1732082304357 HTTP/1.1" 200 1189699 0.048 "-" "Mozilla/5.0 (iPhone; CPU iPhone OS 17_6_1 like Mac OS X) AppleWebKit/605.1.15 (KHTML, like Gecko) Version/17.6 Mobile/15E148 Safari/604.1"
49.109.159.191 - - [20/Nov/2024:14:58:34 +0900] "GET /front/front/image/allergies/soy.png HTTP/1.1" 200 1369 0.015 "-" "Mozilla/5.0 (Linux; Android 15; Pixel 8 Pro Build/AP3A.241105.007; wv) AppleWebKit/537.36 (KHTML, like Gecko) Version/4.0 Chrome/130.0.6723.107 Mobile Safari/537.36 Yappli/2e5d9429.20240605 (Linux; Android 15; Google Build/Pixel 8 Pro)"
49.109.159.191 - - [20/Nov/2024:14:58:34 +0900] "GET /front/front/image/allergies/wheat.png HTTP/1.1" 200 2195 0.021 "-" "Mozilla/5.0 (Linux; Android 15; Pixel 8 Pro Build/AP3A.241105.007; wv) AppleWebKit/537.36 (KHTML, like Gecko) Version/4.0 Chrome/130.0.6723.107 Mobile Safari/537.36 Yappli/2e5d9429.20240605 (Linux; Android 15; Google Build/Pixel 8 Pro)"
202.15.17.61 - - [20/Nov/2024:14:58:35 +0900] "GET /front/get_surround_shop_list?currentLatitude=35.6993079&currentLongitude=139.7722946&langCode=ja&orderType=TO&getCurrentLocationFlag=false&_=1732082293504 HTTP/1.1" 200 1189699 0.047 "-" "Mozilla/5.0 (Windows NT 10.0; Win64; x64) AppleWebKit/537.36 (KHTML, like Gecko) Chrome/131.0.0.0 Safari/537.36 Edg/131.0.0.0"
133.32.135.28 - - [20/Nov/2024:14:58:36 +0900] "GET /front/front/css/css2 HTTP/1.1" 200 691400 0.009 "-" "Mozilla/5.0 (iPhone; CPU iPhone OS 17_6_1 like Mac OS X) AppleWebKit/605.1.15 (KHTML, like Gecko) Version/17.6 Mobile/15E148 Safari/604.1"
133.32.135.28 - - [20/Nov/2024:14:58:36 +0900] "GET /front/front/css/style.min.css HTTP/1.1" 200 124192 0.009 "-" "Mozilla/5.0 (iPhone; CPU iPhone OS 17_6_1 like Mac OS X) AppleWebKit/605.1.15 (KHTML, like Gecko) Version/17.6 Mobile/15E148 Safari/604.1"
133.32.135.28 - - [20/Nov/2024:14:58:36 +0900] "GET /front/front/js/jquery.min.js HTTP/1.1" 200 88147 0.009 "-" "Mozilla/5.0 (iPhone; CPU iPhone OS 17_6_1 like Mac OS X) AppleWebKit/605.1.15 (KHTML, like Gecko) Version/17.6 Mobile/15E148 Safari/604.1"
133.32.135.28 - - [20/Nov/2024:14:58:36 +0900] "GET /front/front/image/sample_nav.png HTTP/1.1" 200 64836 0.007 "-" "Mozilla/5.0 (iPhone; CPU iPhone OS 17_6_1 like Mac OS X) AppleWebKit/605.1.15 (KHTML, like Gecko) Version/17.6 Mobile/15E148 Safari/604.1"
133.32.135.28 - - [20/Nov/2024:14:58:36 +0900] "GET /front/front/image/datetimeSelection/ja_flow03.png HTTP/1.1" 200 6100 0.013 "-" "Mozilla/5.0 (iPhone; CPU iPhone OS 17_6_1 like Mac OS X) AppleWebKit/605.1.15 (KHTML, like Gecko) Version/17.6 Mobile/15E148 Safari/604.1"
133.32.135.28 - - [20/Nov/2024:14:58:36 +0900] "GET /front/front/image/datetimeSelection/ja_flow02_on.png HTTP/1.1" 200 5672 0.013 "-" "Mozilla/5.0 (iPhone; CPU iPhone OS 17_6_1 like Mac OS X) AppleWebKit/605.1.15 (KHTML, like Gecko) Version/17.6 Mobile/15E148 Safari/604.1"
104.28.99.159 - - [20/Nov/2024:14:58:42 +0900] "GET /front/front/image/allergies/wheat.png HTTP/1.1" 200 2195 0.017 "-" "Mozilla/5.0 (iPhone; CPU iPhone OS 18_0_1 like Mac OS X) AppleWebKit/605.1.15 (KHTML, like Gecko) Version/18.0.1 Mobile/15E148 Safari/604.1"
104.28.99.159 - - [20/Nov/2024:14:58:42 +0900] "GET /front/front/image/allergies/soy.png HTTP/1.1" 200 1369 0.024 "-" "Mozilla/5.0 (iPhone; CPU iPhone OS 18_0_1 like Mac OS X) AppleWebKit/605.1.15 (KHTML, like Gecko) Version/18.0.1 Mobile/15E148 Safari/604.1"
104.28.99.159 - - [20/Nov/2024:14:58:44 +0900] "POST /front/add_cart HTTP/1.1" 200 47 0.034 "-" "Mozilla/5.0 (iPhone; CPU iPhone OS 18_0_1 like Mac OS X) AppleWebKit/605.1.15 (KHTML, like Gecko) Version/18.0.1 Mobile/15E148 Safari/604.1"
49.109.159.191 - - [20/Nov/2024:14:58:45 +0900] "POST /front/cart HTTP/1.1" 200 42520 0.022 "-" "Mozilla/5.0 (Linux; Android 15; Pixel 8 Pro Build/AP3A.241105.007; wv) AppleWebKit/537.36 (KHTML, like Gecko) Version/4.0 Chrome/130.0.6723.107 Mobile Safari/537.36 Yappli/2e5d9429.20240605 (Linux; Android 15; Google Build/Pixel 8 Pro)"
49.109.159.191 - - [20/Nov/2024:14:58:45 +0900] "GET /front/front/css/style.min.css HTTP/1.1" 200 124192 0.009 "-" "Mozilla/5.0 (Linux; Android 15; Pixel 8 Pro Build/AP3A.241105.007; wv) AppleWebKit/537.36 (KHTML, like Gecko) Version/4.0 Chrome/130.0.6723.107 Mobile Safari/537.36 Yappli/2e5d9429.20240605 (Linux; Android 15; Google Build/Pixel 8 Pro)"
49.109.159.191 - - [20/Nov/2024:14:58:45 +0900] "GET /front/front/css/common.css HTTP/1.1" 200 4851 0.006 "-" "Mozilla/5.0 (Linux; Android 15; Pixel 8 Pro Build/AP3A.241105.007; wv) AppleWebKit/537.36 (KHTML, like Gecko) Version/4.0 Chrome/130.0.6723.107 Mobile Safari/537.36 Yappli/2e5d9429.20240605 (Linux; Android 15; Google Build/Pixel 8 Pro)"
49.109.159.191 - - [20/Nov/2024:14:58:45 +0900] "GET /front/front/js/jquery.min.js HTTP/1.1" 200 88147 0.012 "-" "Mozilla/5.0 (Linux; Android 15; Pixel 8 Pro Build/AP3A.241105.007; wv) AppleWebKit/537.36 (KHTML, like Gecko) Version/4.0 Chrome/130.0.6723.107 Mobile Safari/537.36 Yappli/2e5d9429.20240605 (Linux; Android 15; Google Build/Pixel 8 Pro)"
106.128.110.174 - - [20/Nov/2024:14:58:46 +0900] "GET /front/get_surround_shop_list?currentLatitude=43.09534783460023&currentLongitude=141.52511930692526&langCode=ja&orderType=TO&getCurrentLocationFlag=true&_=1732082305821 HTTP/1.1" 200 1189699 0.046 "-" "Mozilla/5.0 (iPhone; CPU iPhone OS 18_0 like Mac OS X) AppleWebKit/605.1.15 (KHTML, like Gecko) GSA/339.0.686111475 Mobile/15E148 Safari/604.1"
49.109.159.191 - - [20/Nov/2024:14:58:46 +0900] "GET /front/front/js/micromodal.min.js HTTP/1.1" 200 7103 0.006 "-" "Mozilla/5.0 (Linux; Android 15; Pixel 8 Pro Build/AP3A.241105.007; wv) AppleWebKit/537.36 (KHTML, like Gecko) Version/4.0 Chrome/130.0.6723.107 Mobile Safari/537.36 Yappli/2e5d9429.20240605 (Linux; Android 15; Google Build/Pixel 8 Pro)"
49.109.159.191 - - [20/Nov/2024:14:58:46 +0900] "GET /front/front/js/itemSelection/select-product.js HTTP/1.1" 200 2351 0.006 "-" "Mozilla/5.0 (Linux; Android 15; Pixel 8 Pro Build/AP3A.241105.007; wv) AppleWebKit/537.36 (KHTML, like Gecko) Version/4.0 Chrome/130.0.6723.107 Mobile Safari/537.36 Yappli/2e5d9429.20240605 (Linux; Android 15; Google Build/Pixel 8 Pro)"
126.254.77.214 - - [20/Nov/2024:14:58:46 +0900] "GET /front/order_history_list HTTP/1.1" 200 6426 0.261 "-" "Mozilla/5.0 (iPhone; CPU iPhone OS 17_6_1 like Mac OS X) AppleWebKit/605.1.15 (KHTML, like Gecko) Mobile Yappli/2e5d9429.20240605 (iPhone12,1; iOS 17.6.1)"
49.109.159.191 - - [20/Nov/2024:14:58:46 +0900] "GET /front/front/js/takeoutTop/index.js HTTP/1.1" 200 884 0.006 "-" "Mozilla/5.0 (Linux; Android 15; Pixel 8 Pro Build/AP3A.241105.007; wv) AppleWebKit/537.36 (KHTML, like Gecko) Version/4.0 Chrome/130.0.6723.107 Mobile Safari/537.36 Yappli/2e5d9429.20240605 (Linux; Android 15; Google Build/Pixel 8 Pro)"
49.109.159.191 - - [20/Nov/2024:14:58:46 +0900] "GET /front/front/js/jquery.min.js HTTP/1.1" 200 88147 0.006 "-" "Mozilla/5.0 (Linux; Android 15; Pixel 8 Pro Build/AP3A.241105.007; wv) AppleWebKit/537.36 (KHTML, like Gecko) Version/4.0 Chrome/130.0.6723.107 Mobile Safari/537.36 Yappli/2e5d9429.20240605 (Linux; Android 15; Google Build/Pixel 8 Pro)"
126.254.77.214 - - [20/Nov/2024:14:58:46 +0900] "GET /front/front/css/member.css HTTP/1.1" 200 13148 0.009 "-" "Mozilla/5.0 (iPhone; CPU iPhone OS 17_6_1 like Mac OS X) AppleWebKit/605.1.15 (KHTML, like Gecko) Mobile Yappli/2e5d9429.20240605 (iPhone12,1; iOS 17.6.1)"
126.254.77.214 - - [20/Nov/2024:14:58:46 +0900] "GET /front/front/js/common.js HTTP/1.1" 200 9762 0.010 "-" "Mozilla/5.0 (iPhone; CPU iPhone OS 17_6_1 like Mac OS X) AppleWebKit/605.1.15 (KHTML, like Gecko) Mobile Yappli/2e5d9429.20240605 (iPhone12,1; iOS 17.6.1)"
126.254.77.214 - - [20/Nov/2024:14:58:46 +0900] "GET /front/front/css/common.css HTTP/1.1" 200 4851 0.010 "-" "Mozilla/5.0 (iPhone; CPU iPhone OS 17_6_1 like Mac OS X) AppleWebKit/605.1.15 (KHTML, like Gecko) Mobile Yappli/2e5d9429.20240605 (iPhone12,1; iOS 17.6.1)"
49.109.159.191 - - [20/Nov/2024:14:58:46 +0900] "GET /front/front/image/cart/ja_flow02_off.png HTTP/1.1" 200 5250 0.013 "-" "Mozilla/5.0 (Linux; Android 15; Pixel 8 Pro Build/AP3A.241105.007; wv) AppleWebKit/537.36 (KHTML, like Gecko) Version/4.0 Chrome/130.0.6723.107 Mobile Safari/537.36 Yappli/2e5d9429.20240605 (Linux; Android 15; Google Build/Pixel 8 Pro)"
49.109.159.191 - - [20/Nov/2024:14:58:46 +0900] "GET /front/front/image/cart/ja_flow04.png HTTP/1.1" 200 2751 0.013 "-" "Mozilla/5.0 (Linux; Android 15; Pixel 8 Pro Build/AP3A.241105.007; wv) AppleWebKit/537.36 (KHTML, like Gecko) Version/4.0 Chrome/130.0.6723.107 Mobile Safari/537.36 Yappli/2e5d9429.20240605 (Linux; Android 15; Google Build/Pixel 8 Pro)"
106.128.110.174 - - [20/Nov/2024:14:58:46 +0900] "GET /front/get_surround_shop_list?currentLatitude=43.09035285257784&currentLongitude=141.52421716116783&langCode=ja&orderType=TO&getCurrentLocationFlag=true&_=1732082305822 HTTP/1.1" 200 1189699 0.046 "-" "Mozilla/5.0 (iPhone; CPU iPhone OS 18_0 like Mac OS X) AppleWebKit/605.1.15 (KHTML, like Gecko) GSA/339.0.686111475 Mobile/15E148 Safari/604.1"
49.109.3.84 - - [20/Nov/2024:14:58:48 +0900] "POST /front/customer_information_submit HTTP/1.1" 302 0 0.061 "-" "Mozilla/5.0 (iPhone; CPU iPhone OS 17_5_1 like Mac OS X) AppleWebKit/605.1.15 (KHTML, like Gecko) Version/17.5 Mobile/15E148 Safari/604.1"
49.109.3.84 - - [20/Nov/2024:14:58:48 +0900] "GET /front/front/js/jquery.min.js HTTP/1.1" 200 88147 0.011 "-" "Mozilla/5.0 (iPhone; CPU iPhone OS 17_5_1 like Mac OS X) AppleWebKit/605.1.15 (KHTML, like Gecko) Version/17.5 Mobile/15E148 Safari/604.1"
49.109.3.84 - - [20/Nov/2024:14:58:48 +0900] "GET /front/front/css/style.min.css HTTP/1.1" 200 124192 0.011 "-" "Mozilla/5.0 (iPhone; CPU iPhone OS 17_5_1 like Mac OS X) AppleWebKit/605.1.15 (KHTML, like Gecko) Version/17.5 Mobile/15E148 Safari/604.1"
49.109.3.84 - - [20/Nov/2024:14:58:48 +0900] "GET /front/front/js/common.js HTTP/1.1" 200 9762 0.011 "-" "Mozilla/5.0 (iPhone; CPU iPhone OS 17_5_1 like Mac OS X) AppleWebKit/605.1.15 (KHTML, like Gecko) Version/17.5 Mobile/15E148 Safari/604.1"
49.109.3.84 - - [20/Nov/2024:14:58:48 +0900] "GET /front/front/css/css2 HTTP/1.1" 200 691400 0.012 "-" "Mozilla/5.0 (iPhone; CPU iPhone OS 17_5_1 like Mac OS X) AppleWebKit/605.1.15 (KHTML, like Gecko) Version/17.5 Mobile/15E148 Safari/604.1"
106.128.110.174 - - [20/Nov/2024:14:58:48 +0900] "GET /front/get_surround_shop_list?currentLatitude=43.089840572364466&currentLongitude=141.51605255097957&langCode=ja&orderType=TO&getCurrentLocationFlag=true&_=1732082305824 HTTP/1.1" 200 1189676 0.128 "-" "Mozilla/5.0 (iPhone; CPU iPhone OS 18_0 like Mac OS X) AppleWebKit/605.1.15 (KHTML, like Gecko) GSA/339.0.686111475 Mobile/15E148 Safari/604.1"
49.109.3.84 - - [20/Nov/2024:14:58:48 +0900] "GET /front/front/image/barcode.png HTTP/1.1" 200 7012 0.006 "-" "Mozilla/5.0 (iPhone; CPU iPhone OS 17_5_1 like Mac OS X) AppleWebKit/605.1.15 (KHTML, like Gecko) Version/17.5 Mobile/15E148 Safari/604.1"
49.109.3.84 - - [20/Nov/2024:14:58:48 +0900] "GET /front/front/image/customerInformation/ja_flow04.png HTTP/1.1" 200 2751 0.007 "-" "Mozilla/5.0 (iPhone; CPU iPhone OS 17_5_1 like Mac OS X) AppleWebKit/605.1.15 (KHTML, like Gecko) Version/17.5 Mobile/15E148 Safari/604.1"
49.109.3.84 - - [20/Nov/2024:14:58:48 +0900] "GET /front/front/image/customerInformation/ja_flow02_off.png HTTP/1.1" 200 5250 0.011 "-" "Mozilla/5.0 (iPhone; CPU iPhone OS 17_5_1 like Mac OS X) AppleWebKit/605.1.15 (KHTML, like Gecko) Version/17.5 Mobile/15E148 Safari/604.1"
49.109.159.191 - - [20/Nov/2024:14:58:51 +0900] "GET /front/orderMemberType? HTTP/1.1" 302 0 1.157 "-" "Mozilla/5.0 (Linux; Android 15; Pixel 8 Pro Build/AP3A.241105.007; wv) AppleWebKit/537.36 (KHTML, like Gecko) Version/4.0 Chrome/130.0.6723.107 Mobile Safari/537.36 Yappli/2e5d9429.20240605 (Linux; Android 15; Google Build/Pixel 8 Pro)"
49.109.159.191 - - [20/Nov/2024:14:58:52 +0900] "GET /front/input_customer_info HTTP/1.1" 200 20700 0.832 "-" "Mozilla/5.0 (Linux; Android 15; Pixel 8 Pro Build/AP3A.241105.007; wv) AppleWebKit/537.36 (KHTML, like Gecko) Version/4.0 Chrome/130.0.6723.107 Mobile Safari/537.36 Yappli/2e5d9429.20240605 (Linux; Android 15; Google Build/Pixel 8 Pro)"
49.109.159.191 - - [20/Nov/2024:14:58:53 +0900] "GET /front/front/css/css2 HTTP/1.1" 200 691400 0.009 "-" "Mozilla/5.0 (Linux; Android 15; Pixel 8 Pro Build/AP3A.241105.007; wv) AppleWebKit/537.36 (KHTML, like Gecko) Version/4.0 Chrome/130.0.6723.107 Mobile Safari/537.36 Yappli/2e5d9429.20240605 (Linux; Android 15; Google Build/Pixel 8 Pro)"
49.109.159.191 - - [20/Nov/2024:14:58:53 +0900] "GET /front/front/css/tab.css HTTP/1.1" 200 17459 0.011 "-" "Mozilla/5.0 (Linux; Android 15; Pixel 8 Pro Build/AP3A.241105.007; wv) AppleWebKit/537.36 (KHTML, like Gecko) Version/4.0 Chrome/130.0.6723.107 Mobile Safari/537.36 Yappli/2e5d9429.20240605 (Linux; Android 15; Google Build/Pixel 8 Pro)"
49.109.159.191 - - [20/Nov/2024:14:58:53 +0900] "GET /front/front/css/style.min.css HTTP/1.1" 200 124192 0.012 "-" "Mozilla/5.0 (Linux; Android 15; Pixel 8 Pro Build/AP3A.241105.007; wv) AppleWebKit/537.36 (KHTML, like Gecko) Version/4.0 Chrome/130.0.6723.107 Mobile Safari/537.36 Yappli/2e5d9429.20240605 (Linux; Android 15; Google Build/Pixel 8 Pro)"
49.109.159.191 - - [20/Nov/2024:14:58:53 +0900] "GET /front/front/js/jquery.min.js HTTP/1.1" 200 88147 0.009 "-" "Mozilla/5.0 (Linux; Android 15; Pixel 8 Pro Build/AP3A.241105.007; wv) AppleWebKit/537.36 (KHTML, like Gecko) Version/4.0 Chrome/130.0.6723.107 Mobile Safari/537.36 Yappli/2e5d9429.20240605 (Linux; Android 15; Google Build/Pixel 8 Pro)"
49.109.159.191 - - [20/Nov/2024:14:58:53 +0900] "GET /front/front/js/common.js HTTP/1.1" 200 9762 0.016 "-" "Mozilla/5.0 (Linux; Android 15; Pixel 8 Pro Build/AP3A.241105.007; wv) AppleWebKit/537.36 (KHTML, like Gecko) Version/4.0 Chrome/130.0.6723.107 Mobile Safari/537.36 Yappli/2e5d9429.20240605 (Linux; Android 15; Google Build/Pixel 8 Pro)"
14.9.134.160 - - [20/Nov/2024:14:58:53 +0900] "GET /front/front/css/splide.min.css HTTP/1.1" 200 5004 0.006 "-" "Mozilla/5.0 (iPhone; CPU iPhone OS 17_3_1 like Mac OS X) AppleWebKit/605.1.15 (KHTML, like Gecko) Version/17.3.1 Mobile/15E148 Safari/604.1"
14.9.134.160 - - [20/Nov/2024:14:58:53 +0900] "GET /front/front/assets/css/tab.css HTTP/1.1" 200 10492 0.011 "-" "Mozilla/5.0 (iPhone; CPU iPhone OS 17_3_1 like Mac OS X) AppleWebKit/605.1.15 (KHTML, like Gecko) Version/17.3.1 Mobile/15E148 Safari/604.1"
14.9.134.160 - - [20/Nov/2024:14:58:53 +0900] "GET /front/front/js/takeoutTop/splide.min.js HTTP/1.1" 200 36957 0.010 "-" "Mozilla/5.0 (iPhone; CPU iPhone OS 17_3_1 like Mac OS X) AppleWebKit/605.1.15 (KHTML, like Gecko) Version/17.3.1 Mobile/15E148 Safari/604.1"
14.9.134.160 - - [20/Nov/2024:14:58:53 +0900] "GET /front/front/js/takeoutTop/index.js HTTP/1.1" 200 884 0.010 "-" "Mozilla/5.0 (iPhone; CPU iPhone OS 17_3_1 like Mac OS X) AppleWebKit/605.1.15 (KHTML, like Gecko) Version/17.3.1 Mobile/15E148 Safari/604.1"
14.9.134.160 - - [20/Nov/2024:14:58:53 +0900] "GET /front/front/css/css2 HTTP/1.1" 200 691400 0.041 "-" "Mozilla/5.0 (iPhone; CPU iPhone OS 17_3_1 like Mac OS X) AppleWebKit/605.1.15 (KHTML, like Gecko) Version/17.3.1 Mobile/15E148 Safari/604.1"
14.9.134.160 - - [20/Nov/2024:14:58:53 +0900] "GET /front/front/image/takeoutTop/ja_kv_sp.jpg HTTP/1.1" 200 353229 0.007 "-" "Mozilla/5.0 (iPhone; CPU iPhone OS 17_3_1 like Mac OS X) AppleWebKit/605.1.15 (KHTML, like Gecko) Version/17.3.1 Mobile/15E148 Safari/604.1"
14.9.134.160 - - [20/Nov/2024:14:58:53 +0900] "GET /front/front/image/takeoutTop/ja_flow01.png HTTP/1.1" 200 83356 0.009 "-" "Mozilla/5.0 (iPhone; CPU iPhone OS 17_3_1 like Mac OS X) AppleWebKit/605.1.15 (KHTML, like Gecko) Version/17.3.1 Mobile/15E148 Safari/604.1"
14.9.134.160 - - [20/Nov/2024:14:58:53 +0900] "GET /front/front/image/barcode.png HTTP/1.1" 200 7012 0.010 "-" "Mozilla/5.0 (iPhone; CPU iPhone OS 17_3_1 like Mac OS X) AppleWebKit/605.1.15 (KHTML, like Gecko) Version/17.3.1 Mobile/15E148 Safari/604.1"
14.9.134.160 - - [20/Nov/2024:14:58:54 +0900] "GET /front/front/image/takeoutTop/ja_flow03.png HTTP/1.1" 200 82332 0.013 "-" "Mozilla/5.0 (iPhone; CPU iPhone OS 17_3_1 like Mac OS X) AppleWebKit/605.1.15 (KHTML, like Gecko) Version/17.3.1 Mobile/15E148 Safari/604.1"
49.109.159.191 - - [20/Nov/2024:14:58:54 +0900] "GET /front/front/image/customerInformation/ja_flow01_off.png HTTP/1.1" 200 5083 0.007 "-" "Mozilla/5.0 (Linux; Android 15; Pixel 8 Pro Build/AP3A.241105.007; wv) AppleWebKit/537.36 (KHTML, like Gecko) Version/4.0 Chrome/130.0.6723.107 Mobile Safari/537.36 Yappli/2e5d9429.20240605 (Linux; Android 15; Google Build/Pixel 8 Pro)"
49.109.159.191 - - [20/Nov/2024:14:58:54 +0900] "GET /front/front/image/customerInformation/ja_flow03_on.png HTTP/1.1" 200 6018 0.009 "-" "Mozilla/5.0 (Linux; Android 15; Pixel 8 Pro Build/AP3A.241105.007; wv) AppleWebKit/537.36 (KHTML, like Gecko) Version/4.0 Chrome/130.0.6723.107 Mobile Safari/537.36 Yappli/2e5d9429.20240605 (Linux; Android 15; Google Build/Pixel 8 Pro)"
202.15.17.61 - - [20/Nov/2024:14:58:55 +0900] "GET /front/get_surround_shop_list?currentLatitude=35.13545982888424&currentLongitude=137.01966199032034&langCode=ja&orderType=TO&getCurrentLocationFlag=false&_=1732082293510 HTTP/1.1" 200 1189699 0.047 "-" "Mozilla/5.0 (Windows NT 10.0; Win64; x64) AppleWebKit/537.36 (KHTML, like Gecko) Chrome/131.0.0.0 Safari/537.36 Edg/131.0.0.0"
